// Jest Snapshot v1, https://goo.gl/fbAQLP

exports[`StarRating applies translations 1`] = `
<div
  className="ais-StarRating__root"
>
  <a
    className="ais-StarRating__ratingLink"
    disabled={false}
    href="#"
    onClick={[Function]}
  >
    <span
      className="ais-StarRating__ratingIcon"
    />
    <span
      className="ais-StarRating__ratingIcon"
    />
    <span
      className="ais-StarRating__ratingIcon"
    />
    <span
      className="ais-StarRating__ratingIcon"
    />
    <span
      className="ais-StarRating__ratingIcon"
    />
    <span
      className="ais-StarRating__ratingLabel"
    >
       & Up
    </span>
    <span>
       
    </span>
    <span
      className="ais-StarRating__ratingCount"
    >
      5
    </span>
  </a>
  <a
    className="ais-StarRating__ratingLink"
    disabled={false}
    href="#"
    onClick={[Function]}
  >
    <span
      className="ais-StarRating__ratingIcon"
    />
    <span
      className="ais-StarRating__ratingIcon"
    />
    <span
      className="ais-StarRating__ratingIcon"
    />
    <span
      className="ais-StarRating__ratingIcon"
    />
    <span
      className="ais-StarRating__ratingIconEmpty"
    />
    <span
      className="ais-StarRating__ratingLabel"
    >
       & Up
    </span>
    <span>
       
    </span>
    <span
      className="ais-StarRating__ratingCount"
    >
      9
    </span>
  </a>
  <a
    className="ais-StarRating__ratingLink"
    disabled={false}
    href="#"
    onClick={[Function]}
  >
    <span
      className="ais-StarRating__ratingIcon"
    />
    <span
      className="ais-StarRating__ratingIcon"
    />
    <span
      className="ais-StarRating__ratingIcon"
    />
    <span
      className="ais-StarRating__ratingIconEmpty"
    />
    <span
      className="ais-StarRating__ratingIconEmpty"
    />
    <span
      className="ais-StarRating__ratingLabel"
    >
       & Up
    </span>
    <span>
       
    </span>
    <span
      className="ais-StarRating__ratingCount"
    >
      12
    </span>
  </a>
  <a
    className="ais-StarRating__ratingLink"
    disabled={false}
    href="#"
    onClick={[Function]}
  >
    <span
      className="ais-StarRating__ratingIcon"
    />
    <span
      className="ais-StarRating__ratingIcon"
    />
    <span
      className="ais-StarRating__ratingIconEmpty"
    />
    <span
      className="ais-StarRating__ratingIconEmpty"
    />
    <span
      className="ais-StarRating__ratingIconEmpty"
    />
    <span
      className="ais-StarRating__ratingLabel"
    >
       & Up
    </span>
    <span>
       
    </span>
    <span
      className="ais-StarRating__ratingCount"
    >
      14
    </span>
  </a>
  <div
    className="ais-StarRating__ratingLink ais-StarRating__ratingLinkSelected"
    disabled={false}
  >
    <span
      className="ais-StarRating__ratingIcon ais-StarRating__ratingIconSelected"
    />
    <span
      className="ais-StarRating__ratingIconEmpty ais-StarRating__ratingIconEmptySelected"
    />
    <span
      className="ais-StarRating__ratingIconEmpty ais-StarRating__ratingIconEmptySelected"
    />
    <span
      className="ais-StarRating__ratingIconEmpty ais-StarRating__ratingIconEmptySelected"
    />
    <span
      className="ais-StarRating__ratingIconEmpty ais-StarRating__ratingIconEmptySelected"
    />
    <span
      className="ais-StarRating__ratingLabel ais-StarRating__ratingLabelSelected"
    >
       & Up
    </span>
    <span>
       
    </span>
    <span
      className="ais-StarRating__ratingCount ais-StarRating__ratingCountSelected"
    >
      15
    </span>
  </div>
</div>
`;

exports[`StarRating expect to render from from 0 when min is negative 1`] = `
<div
  className="ais-StarRating__root"
>
  <a
    className="ais-StarRating__ratingLink"
    disabled={false}
    href="#"
    onClick={[Function]}
  >
    <span
      className="ais-StarRating__ratingIcon"
    />
    <span
      className="ais-StarRating__ratingIcon"
    />
    <span
      className="ais-StarRating__ratingIcon"
    />
    <span
      className="ais-StarRating__ratingIcon"
    />
    <span
      className="ais-StarRating__ratingIcon"
    />
    <span
      className="ais-StarRating__ratingLabel"
    >
       & Up
    </span>
    <span>
       
    </span>
    <span
      className="ais-StarRating__ratingCount"
    >
      5
    </span>
  </a>
  <a
    className="ais-StarRating__ratingLink"
    disabled={false}
    href="#"
    onClick={[Function]}
  >
    <span
      className="ais-StarRating__ratingIcon"
    />
    <span
      className="ais-StarRating__ratingIcon"
    />
    <span
      className="ais-StarRating__ratingIcon"
    />
    <span
      className="ais-StarRating__ratingIcon"
    />
    <span
      className="ais-StarRating__ratingIconEmpty"
    />
    <span
      className="ais-StarRating__ratingLabel"
    >
       & Up
    </span>
    <span>
       
    </span>
    <span
      className="ais-StarRating__ratingCount"
    >
      9
    </span>
  </a>
  <a
    className="ais-StarRating__ratingLink"
    disabled={false}
    href="#"
    onClick={[Function]}
  >
    <span
      className="ais-StarRating__ratingIcon"
    />
    <span
      className="ais-StarRating__ratingIcon"
    />
    <span
      className="ais-StarRating__ratingIcon"
    />
    <span
      className="ais-StarRating__ratingIconEmpty"
    />
    <span
      className="ais-StarRating__ratingIconEmpty"
    />
    <span
      className="ais-StarRating__ratingLabel"
    >
       & Up
    </span>
    <span>
       
    </span>
    <span
      className="ais-StarRating__ratingCount"
    >
      12
    </span>
  </a>
  <a
    className="ais-StarRating__ratingLink"
    disabled={false}
    href="#"
    onClick={[Function]}
  >
    <span
      className="ais-StarRating__ratingIcon"
    />
    <span
      className="ais-StarRating__ratingIcon"
    />
    <span
      className="ais-StarRating__ratingIconEmpty"
    />
    <span
      className="ais-StarRating__ratingIconEmpty"
    />
    <span
      className="ais-StarRating__ratingIconEmpty"
    />
    <span
      className="ais-StarRating__ratingLabel"
    >
       & Up
    </span>
    <span>
       
    </span>
    <span
      className="ais-StarRating__ratingCount"
    >
      14
    </span>
  </a>
  <a
    className="ais-StarRating__ratingLink ais-StarRating__ratingLinkSelected"
    disabled={false}
    href="#"
    onClick={[Function]}
  >
    <span
      className="ais-StarRating__ratingIcon ais-StarRating__ratingIconSelected"
    />
    <span
      className="ais-StarRating__ratingIconEmpty ais-StarRating__ratingIconEmptySelected"
    />
    <span
      className="ais-StarRating__ratingIconEmpty ais-StarRating__ratingIconEmptySelected"
    />
    <span
      className="ais-StarRating__ratingIconEmpty ais-StarRating__ratingIconEmptySelected"
    />
    <span
      className="ais-StarRating__ratingIconEmpty ais-StarRating__ratingIconEmptySelected"
    />
    <span
      className="ais-StarRating__ratingLabel ais-StarRating__ratingLabelSelected"
    >
       & Up
    </span>
    <span>
       
    </span>
    <span
      className="ais-StarRating__ratingCount ais-StarRating__ratingCountSelected"
    >
      15
    </span>
  </a>
  <a
    className="ais-StarRating__ratingLink"
    disabled={false}
    href="#"
    onClick={[Function]}
  >
    <span
      className="ais-StarRating__ratingIconEmpty"
    />
    <span
      className="ais-StarRating__ratingIconEmpty"
    />
    <span
      className="ais-StarRating__ratingIconEmpty"
    />
    <span
      className="ais-StarRating__ratingIconEmpty"
    />
    <span
      className="ais-StarRating__ratingIconEmpty"
    />
    <span
      className="ais-StarRating__ratingLabel"
    >
       & Up
    </span>
    <span>
       
    </span>
    <span
      className="ais-StarRating__ratingCount"
    >
      15
    </span>
  </a>
</div>
`;

exports[`StarRating expect to render nothing when min is higher than max 1`] = `
<div
  className="ais-StarRating__root"
/>
`;

exports[`StarRating supports passing max/min values 1`] = `
<div
  className="ais-StarRating__root"
>
  <a
    className="ais-StarRating__ratingLink"
    disabled={false}
    href="#"
    onClick={[Function]}
  >
    <span
      className="ais-StarRating__ratingIcon"
    />
    <span
      className="ais-StarRating__ratingIcon"
    />
    <span
      className="ais-StarRating__ratingIcon"
    />
    <span
      className="ais-StarRating__ratingIcon"
    />
    <span
      className="ais-StarRating__ratingIcon"
    />
    <span
      className="ais-StarRating__ratingLabel"
    >
       & Up
    </span>
    <span>
       
    </span>
    <span
      className="ais-StarRating__ratingCount"
    >
      5
    </span>
  </a>
  <a
    className="ais-StarRating__ratingLink"
    disabled={false}
    href="#"
    onClick={[Function]}
  >
    <span
      className="ais-StarRating__ratingIcon"
    />
    <span
      className="ais-StarRating__ratingIcon"
    />
    <span
      className="ais-StarRating__ratingIcon"
    />
    <span
      className="ais-StarRating__ratingIcon"
    />
    <span
      className="ais-StarRating__ratingIconEmpty"
    />
    <span
      className="ais-StarRating__ratingLabel"
    >
       & Up
    </span>
    <span>
       
    </span>
    <span
      className="ais-StarRating__ratingCount"
    >
      9
    </span>
  </a>
  <a
    className="ais-StarRating__ratingLink"
    disabled={false}
    href="#"
    onClick={[Function]}
  >
    <span
      className="ais-StarRating__ratingIcon"
    />
    <span
      className="ais-StarRating__ratingIcon"
    />
    <span
      className="ais-StarRating__ratingIcon"
    />
    <span
      className="ais-StarRating__ratingIconEmpty"
    />
    <span
      className="ais-StarRating__ratingIconEmpty"
    />
    <span
      className="ais-StarRating__ratingLabel"
    >
       & Up
    </span>
    <span>
       
    </span>
    <span
      className="ais-StarRating__ratingCount"
    >
      12
    </span>
  </a>
  <a
    className="ais-StarRating__ratingLink"
    disabled={false}
    href="#"
    onClick={[Function]}
  >
    <span
      className="ais-StarRating__ratingIcon"
    />
    <span
      className="ais-StarRating__ratingIcon"
    />
    <span
      className="ais-StarRating__ratingIconEmpty"
    />
    <span
      className="ais-StarRating__ratingIconEmpty"
    />
    <span
      className="ais-StarRating__ratingIconEmpty"
    />
    <span
      className="ais-StarRating__ratingLabel"
    >
       & Up
    </span>
    <span>
       
    </span>
    <span
      className="ais-StarRating__ratingCount"
    >
      14
    </span>
  </a>
  <div
    className="ais-StarRating__ratingLink ais-StarRating__ratingLinkSelected"
    disabled={false}
  >
    <span
      className="ais-StarRating__ratingIcon ais-StarRating__ratingIconSelected"
    />
    <span
      className="ais-StarRating__ratingIconEmpty ais-StarRating__ratingIconEmptySelected"
    />
    <span
      className="ais-StarRating__ratingIconEmpty ais-StarRating__ratingIconEmptySelected"
    />
    <span
      className="ais-StarRating__ratingIconEmpty ais-StarRating__ratingIconEmptySelected"
    />
    <span
      className="ais-StarRating__ratingIconEmpty ais-StarRating__ratingIconEmptySelected"
    />
    <span
      className="ais-StarRating__ratingLabel ais-StarRating__ratingLabelSelected"
    >
       & Up
    </span>
    <span>
       
    </span>
    <span
      className="ais-StarRating__ratingCount ais-StarRating__ratingCountSelected"
    >
      15
    </span>
  </div>
</div>
`;

exports[`StarRating supports passing max/min values smaller than count max & min 1`] = `
<div
  className="ais-StarRating__root"
>
  <a
    className="ais-StarRating__ratingLink"
    disabled={false}
    href="#"
    onClick={[Function]}
  >
    <span
      className="ais-StarRating__ratingIcon"
    />
    <span
      className="ais-StarRating__ratingIcon"
    />
    <span
      className="ais-StarRating__ratingIcon"
    />
    <span
      className="ais-StarRating__ratingIcon"
    />
    <span
      className="ais-StarRating__ratingLabel"
    >
       & Up
    </span>
    <span>
       
    </span>
    <span
      className="ais-StarRating__ratingCount"
    >
      4
    </span>
  </a>
  <a
    className="ais-StarRating__ratingLink"
    disabled={false}
    href="#"
    onClick={[Function]}
  >
    <span
      className="ais-StarRating__ratingIcon"
    />
    <span
      className="ais-StarRating__ratingIcon"
    />
    <span
      className="ais-StarRating__ratingIcon"
    />
    <span
      className="ais-StarRating__ratingIconEmpty"
    />
    <span
      className="ais-StarRating__ratingLabel"
    >
       & Up
    </span>
    <span>
       
    </span>
    <span
      className="ais-StarRating__ratingCount"
    >
      7
    </span>
  </a>
  <a
    className="ais-StarRating__ratingLink"
    disabled={false}
    href="#"
    onClick={[Function]}
  >
    <span
      className="ais-StarRating__ratingIcon"
    />
    <span
      className="ais-StarRating__ratingIcon"
    />
    <span
      className="ais-StarRating__ratingIconEmpty"
    />
    <span
      className="ais-StarRating__ratingIconEmpty"
    />
    <span
      className="ais-StarRating__ratingLabel"
    >
       & Up
    </span>
    <span>
       
    </span>
    <span
      className="ais-StarRating__ratingCount"
    >
      9
    </span>
  </a>
</div>
`;
